Archive member included to satisfy reference by file (symbol)

/Users/dgmiller/workspace/esp_playground/projects/hello_world/build/cxx/libcxx.a(cxx_exception_stubs.o)
                              (__cxx_fatal_exception)
/Users/dgmiller/workspace/esp_playground/projects/hello_world/build/cxx/libcxx.a(cxx_guards.o)
                              (__cxa_guard_dummy)
/Users/dgmiller/workspace/esp_playground/projects/hello_world/build/esp32/libesp32.a(cpu_start.o)
                              (call_start_cpu0)
/Users/dgmiller/workspace/esp_playground/projects/hello_world/build/esp32/libesp32.a(crosscore_int.o)
                              /Users/dgmiller/workspace/esp_playground/projects/hello_world/build/esp32/libesp32.a(cpu_start.o) (esp_crosscore_int_init)
/Users/dgmiller/workspace/esp_playground/projects/hello_world/build/esp32/libesp32.a(dport_access.o)
                              /Users/dgmiller/workspace/esp_playground/projects/hello_world/build/esp32/libesp32.a(cpu_start.o) (esp_dport_access_stall_other_cpu_start)
/Users/dgmiller/workspace/esp_playground/projects/hello_world/build/esp32/libesp32.a(esp_timer.o)
                              /Users/dgmiller/workspace/esp_playground/projects/hello_world/build/esp32/libesp32.a(cpu_start.o) (esp_timer_init)
/Users/dgmiller/workspace/esp_playground/projects/hello_world/build/esp32/libesp32.a(esp_timer_esp32.o)
                              /Users/dgmiller/workspace/esp_playground/projects/hello_world/build/esp32/libesp32.a(esp_timer.o) (esp_timer_impl_get_time)
/Users/dgmiller/workspace/esp_playground/projects/hello_world/build/esp32/libesp32.a(int_wdt.o)
                              /Users/dgmiller/workspace/esp_playground/projects/hello_world/build/esp32/libesp32.a(cpu_start.o) (esp_int_wdt_init)
/Users/dgmiller/workspace/esp_playground/projects/hello_world/build/esp32/libesp32.a(intr_alloc.o)
                              /Users/dgmiller/workspace/esp_playground/projects/hello_world/build/esp32/libesp32.a(esp_timer_esp32.o) (esp_intr_enable)
/Users/dgmiller/workspace/esp_playground/projects/hello_world/build/esp32/libesp32.a(ipc.o)
                              /Users/dgmiller/workspace/esp_playground/projects/hello_world/build/esp32/libesp32.a(cpu_start.o) (esp_ipc_init)
/Users/dgmiller/workspace/esp_playground/projects/hello_world/build/esp32/libesp32.a(panic.o)
                              /Users/dgmiller/workspace/esp_playground/projects/hello_world/build/cxx/libcxx.a(cxx_exception_stubs.o) (abort)
/Users/dgmiller/workspace/esp_playground/projects/hello_world/build/esp32/libesp32.a(system_api.o)
                              /Users/dgmiller/workspace/esp_playground/projects/hello_world/build/esp32/libesp32.a(panic.o) (esp_restart_noos)
/Users/dgmiller/workspace/esp_playground/projects/hello_world/build/esp32/libesp32.a(task_wdt.o)
                              /Users/dgmiller/workspace/esp_playground/projects/hello_world/build/esp32/libesp32.a(cpu_start.o) (esp_task_wdt_init)
/Users/dgmiller/workspace/esp_playground/projects/hello_world/build/esp32/libesp32.a(dport_panic_highint_hdl.o)
                              (ld_include_panic_highint_hdl)
/Users/dgmiller/workspace/esp_playground/projects/hello_world/build/esp32/libesp32.a(brownout.o)
                              /Users/dgmiller/workspace/esp_playground/projects/hello_world/build/esp32/libesp32.a(cpu_start.o) (esp_brownout_init)
/Users/dgmiller/workspace/esp_playground/projects/hello_world/build/esp32/libesp32.a(cache_err_int.o)
                              /Users/dgmiller/workspace/esp_playground/projects/hello_world/build/esp32/libesp32.a(cpu_start.o) (esp_cache_err_int_init)
/Users/dgmiller/workspace/esp_playground/projects/hello_world/build/esp32/libesp32.a(clk.o)
                              /Users/dgmiller/workspace/esp_playground/projects/hello_world/build/esp32/libesp32.a(cpu_start.o) (esp_clk_init)
/Users/dgmiller/workspace/esp_playground/projects/hello_world/build/esp32/libesp32.a(freertos_hooks.o)
                              /Users/dgmiller/workspace/esp_playground/projects/hello_world/build/esp32/libesp32.a(task_wdt.o) (esp_register_freertos_idle_hook_for_cpu)
/Users/dgmiller/workspace/esp_playground/esp-idf/components/esp32/libhal.a(int_asm--set_intclear.o)
                              /Users/dgmiller/workspace/esp_playground/projects/hello_world/build/esp32/libesp32.a(intr_alloc.o) (xthal_set_intclear)
/Users/dgmiller/workspace/esp_playground/projects/hello_world/build/freertos/libfreertos.a(FreeRTOS-openocd.o)
                              (uxTopUsedPriority)
/Users/dgmiller/workspace/esp_playground/projects/hello_world/build/freertos/libfreertos.a(port.o)
                              /Users/dgmiller/workspace/esp_playground/projects/hello_world/build/esp32/libesp32.a(cpu_start.o) (port_xSchedulerRunning)
/Users/dgmiller/workspace/esp_playground/projects/hello_world/build/freertos/libfreertos.a(queue.o)
[...]
Memory Configuration

Name             Origin             Length             Attributes
iram0_0_seg      0x0000000040080000 0x0000000000020000 xr
iram0_2_seg      0x00000000400d0018 0x000000000032ffe8 xr
dram0_0_seg      0x000000003ffb0000 0x000000000002c200 rw
drom0_0_seg      0x000000003f400018 0x00000000003fffe8 r
rtc_iram_seg     0x00000000400c0000 0x0000000000002000 xrw
rtc_slow_seg     0x0000000050000000 0x0000000000001000 rw
*default*        0x0000000000000000 0xffffffffffffffff

Linker script and memory map

START GROUP
LOAD /Users/dgmiller/workspace/esp_playground/projects/hello_world/build/app_trace/libapp_trace.a
LOAD /Users/dgmiller/workspace/esp_playground/projects/hello_world/build/app_update/libapp_update.a
LOAD /Users/dgmiller/workspace/esp_playground/projects/hello_world/build/bootloader_support/libbootloader_support.a
LOAD /Users/dgmiller/workspace/esp_playground/projects/hello_world/build/bt/libbt.a
LOAD /Users/dgmiller/workspace/esp_playground/projects/hello_world/build/coap/libcoap.a
LOAD /Users/dgmiller/workspace/esp_playground/projects/hello_world/build/console/libconsole.a
LOAD /Users/dgmiller/workspace/esp_playground/projects/hello_world/build/cxx/libcxx.a
LOAD /Users/dgmiller/workspace/esp_playground/projects/hello_world/build/driver/libdriver.a
LOAD /Users/dgmiller/workspace/esp_playground/projects/hello_world/build/esp32/libesp32.a
LOAD /Users/dgmiller/workspace/esp_playground/esp-idf/components/esp32/libhal.a
LOAD /Users/dgmiller/workspace/esp_playground/esp-idf/components/esp32/lib/libcore.a
LOAD /Users/dgmiller/workspace/esp_playground/esp-idf/components/esp32/lib/librtc.a
LOAD /Users/dgmiller/workspace/esp_playground/esp-idf/components/esp32/lib/libnet80211.a
LOAD /Users/dgmiller/workspace/esp_playground/esp-idf/components/esp32/lib/libpp.a
LOAD /Users/dgmiller/workspace/esp_playground/esp-idf/components/esp32/lib/libwpa.a
LOAD /Users/dgmiller/workspace/esp_playground/esp-idf/components/esp32/lib/libsmartconfig.a
LOAD /Users/dgmiller/workspace/esp_playground/esp-idf/components/esp32/lib/libcoexist.a
LOAD /Users/dgmiller/workspace/esp_playground/esp-idf/components/esp32/lib/libwps.a
LOAD /Users/dgmiller/workspace/esp_playground/esp-idf/components/esp32/lib/libwpa2.a
LOAD /Users/dgmiller/workspace/esp_playground/esp-idf/components/esp32/lib/libespnow.a
LOAD /Users/dgmiller/workspace/esp_playground/esp-idf/components/esp32/lib/libphy.a
LOAD /Users/dgmiller/workspace/esp_playground/projects/hello_world/build/esp_adc_cal/libesp_adc_cal.a
LOAD /Users/dgmiller/workspace/esp_playground/projects/hello_world/build/ethernet/libethernet.a
LOAD /Users/dgmiller/workspace/esp_playground/projects/hello_world/build/expat/libexpat.a
LOAD /Users/dgmiller/workspace/esp_playground/projects/hello_world/build/fatfs/libfatfs.a
LOAD /Users/dgmiller/workspace/esp_playground/projects/hello_world/build/freertos/libfreertos.a
LOAD /Users/dgmiller/workspace/esp_playground/projects/hello_world/build/heap/libheap.a
LOAD /Users/dgmiller/workspace/esp_playground/projects/hello_world/build/idf_test/libidf_test.a
LOAD /Users/dgmiller/workspace/esp_playground/projects/hello_world/build/jsmn/libjsmn.a
LOAD /Users/dgmiller/workspace/esp_playground/projects/hello_world/build/json/libjson.a
LOAD /Users/dgmiller/workspace/esp_playground/projects/hello_world/build/libsodium/liblibsodium.a
LOAD /Users/dgmiller/workspace/esp_playground/projects/hello_world/build/log/liblog.a
LOAD /Users/dgmiller/workspace/esp_playground/projects/hello_world/build/lwip/liblwip.a
LOAD /Users/dgmiller/workspace/esp_playground/projects/hello_world/build/main/libmain.a
LOAD /Users/dgmiller/workspace/esp_playground/projects/hello_world/build/mbedtls/libmbedtls.a
LOAD /Users/dgmiller/workspace/esp_playground/projects/hello_world/build/mdns/libmdns.a
LOAD /Users/dgmiller/workspace/esp_playground/projects/hello_world/build/micro-ecc/libmicro-ecc.a
LOAD /Users/dgmiller/workspace/esp_playground/esp-idf/components/newlib/lib/libc.a
LOAD /Users/dgmiller/workspace/esp_playground/esp-idf/components/newlib/lib/libm.a
LOAD /Users/dgmiller/workspace/esp_playground/projects/hello_world/build/newlib/libnewlib.a
LOAD /Users/dgmiller/workspace/esp_playground/projects/hello_world/build/nghttp/libnghttp.a
LOAD /Users/dgmiller/workspace/esp_playground/projects/hello_world/build/nvs_flash/libnvs_flash.a
LOAD /Users/dgmiller/workspace/esp_playground/projects/hello_world/build/openssl/libopenssl.a
LOAD /Users/dgmiller/workspace/esp_playground/projects/hello_world/build/pthread/libpthread.a
LOAD /Users/dgmiller/workspace/esp_playground/projects/hello_world/build/sdmmc/libsdmmc.a
LOAD /Users/dgmiller/workspace/esp_playground/projects/hello_world/build/soc/libsoc.a
LOAD /Users/dgmiller/workspace/esp_playground/projects/hello_world/build/spi_flash/libspi_flash.a
LOAD /Users/dgmiller/workspace/esp_playground/projects/hello_world/build/spiffs/libspiffs.a
LOAD /Users/dgmiller/workspace/esp_playground/projects/hello_world/build/tcpip_adapter/libtcpip_adapter.a
LOAD /Users/dgmiller/workspace/esp_playground/projects/hello_world/build/ulp/libulp.a
LOAD /Users/dgmiller/workspace/esp_playground/projects/hello_world/build/vfs/libvfs.a
LOAD /Users/dgmiller/workspace/esp_playground/projects/hello_world/build/wear_levelling/libwear_levelling.a
LOAD /Users/dgmiller/workspace/esp_playground/projects/hello_world/build/wpa_supplicant/libwpa_supplicant.a
LOAD /Users/dgmiller/workspace/esp_playground/projects/hello_world/build/xtensa-debug-module/libxtensa-debug-module.a
LOAD /Users/dgmiller/workspace/esp_playground/xtensa-esp32-elf/bin/../lib/gcc/xtensa-esp32-elf/5.2.0/libgcc.a
LOAD /Users/dgmiller/workspace/esp_playground/xtensa-esp32-elf/bin/../lib/gcc/xtensa-esp32-elf/5.2.0/../../../../xtensa-esp32-elf/lib/libstdc++.a
LOAD /Users/dgmiller/workspace/esp_playground/xtensa-esp32-elf/bin/../lib/gcc/xtensa-esp32-elf/5.2.0/libgcov.a
END GROUP
                0x0000000040000000                _heap_end = 0x40000000

.rtc.text       0x00000000400c0000        0x0
                0x00000000400c0000                . = ALIGN (0x4)
 *(.rtc.literal .rtc.text)
 *rtc_wake_stub*.o(.literal .text .literal.* .text.*)

.rtc.data       0x0000000050000000        0x0
                0x0000000050000000                _rtc_data_start = ABSOLUTE (.)
 *(.rtc.data)
 *(.rtc.rodata)
 *rtc_wake_stub*.o(.data .rodata .data.* .rodata.* .bss .bss.*)
                0x0000000050000000                _rtc_data_end = ABSOLUTE (.)

.rtc.bss        0x0000000050000000        0x0
                0x0000000050000000                _rtc_bss_start = ABSOLUTE (.)
 *rtc_wake_stub*.o(.bss .bss.*)
 *rtc_wake_stub*.o(COMMON)
                0x0000000050000000                _rtc_bss_end = ABSOLUTE (.)

.iram0.vectors  0x0000000040080000      0x400
                0x0000000040080000                _init_start = ABSOLUTE (.)
                0x0000000000000000                . = 0x0
 *(.WindowVectors.text)
 .WindowVectors.text
                0x0000000040080000      0x16a /Users/dgmiller/workspace/esp_playground/projects/hello_world/build/freertos/libfreertos.a(xtensa_vectors.o)
                0x0000000040080000                _WindowOverflow4
                0x0000000040080040                _WindowUnderflow4
                0x0000000040080050                _xt_alloca_exc
                0x0000000040080080                _WindowOverflow8
                0x00000000400800c0                _WindowUnderflow8
                0x0000000040080100                _WindowOverflow12
                0x0000000040080140                _WindowUnderflow12
                0x0000000000000180                . = 0x180
 *fill*         0x000000004008016a       0x16 
 *(.Level2InterruptVector.text)
 .Level2InterruptVector.text
                0x0000000040080180        0x6 /Users/dgmiller/workspace/esp_playground/projects/hello_world/build/freertos/libfreertos.a(xtensa_vectors.o)
                0x0000000040080180                _Level2Vector
                0x00000000000001c0                . = 0x1c0
 *fill*         0x0000000040080186       0x3a 
 *(.Level3InterruptVector.text)
 .Level3InterruptVector.text
                0x00000000400801c0        0x6 /Users/dgmiller/workspace/esp_playground/projects/hello_world/build/freertos/libfreertos.a(xtensa_vectors.o)
                0x00000000400801c0                _Level3Vector
                0x0000000000000200                . = 0x200
 *fill*         0x00000000400801c6       0x3a 
 *(.Level4InterruptVector.text)
 .Level4InterruptVector.text
                0x0000000040080200        0x6 /Users/dgmiller/workspace/esp_playground/projects/hello_world/build/freertos/libfreertos.a(xtensa_vectors.o)
                0x0000000040080200                _Level4Vector
                0x0000000000000240                . = 0x240
 *fill*         0x0000000040080206       0x3a 
 *(.Level5InterruptVector.text)
 .Level5InterruptVector.text
                0x0000000040080240        0x6 /Users/dgmiller/workspace/esp_playground/projects/hello_world/build/freertos/libfreertos.a(xtensa_vectors.o)
                0x0000000040080240                _Level5Vector
                0x0000000000000280                . = 0x280
 *fill*         0x0000000040080246       0x3a 
 *(.DebugExceptionVector.text)
 .DebugExceptionVector.text
                0x0000000040080280        0x6 /Users/dgmiller/workspace/esp_playground/projects/hello_world/build/freertos/libfreertos.a(xtensa_vectors.o)
                0x0000000040080280                _DebugExceptionVector
                0x00000000000002c0                . = 0x2c0
 *fill*         0x0000000040080286       0x3a 
 *(.NMIExceptionVector.text)
 .NMIExceptionVector.text
                0x00000000400802c0        0x6 /Users/dgmiller/workspace/esp_playground/projects/hello_world/build/freertos/libfreertos.a(xtensa_vectors.o)
                0x00000000400802c0                _NMIExceptionVector
                0x0000000000000300                . = 0x300
 *fill*         0x00000000400802c6       0x3a 
 *(.KernelExceptionVector.text)
 .KernelExceptionVector.text
                0x0000000040080300        0x6 /Users/dgmiller/workspace/esp_playground/projects/hello_world/build/freertos/libfreertos.a(xtensa_vectors.o)
                0x0000000040080300                _KernelExceptionVector
                0x0000000000000340                . = 0x340
 *fill*         0x0000000040080306       0x3a 
 *(.UserExceptionVector.text)
 .UserExceptionVector.text
                0x0000000040080340        0x6 /Users/dgmiller/workspace/esp_playground/projects/hello_world/build/freertos/libfreertos.a(xtensa_vectors.o)
                0x0000000040080340                _UserExceptionVector
                0x00000000000003c0                . = 0x3c0
 *fill*         0x0000000040080346       0x7a 
 *(.DoubleExceptionVector.text)
 .DoubleExceptionVector.text
                0x00000000400803c0        0xf /Users/dgmiller/workspace/esp_playground/projects/hello_world/build/freertos/libfreertos.a(xtensa_vectors.o)
                0x00000000400803c0                _DoubleExceptionVector
                0x0000000000000400                . = 0x400
 *fill*         0x00000000400803cf       0x31 
 *(.*Vector.literal)
 *(.UserEnter.literal)
 *(.UserEnter.text)
                0x0000000040080400                . = ALIGN (0x10)
 *(.entry.text)
 *(.init.literal)
 *(.init)
                0x0000000040080400                _init_end = ABSOLUTE (.)
                0x0000000000000000                _iram_start = 0x0

.iram0.text     0x0000000040080400     0x86b4
                0x0000000040080400                _iram_text_start = ABSOLUTE (.)
 *(.iram1 .iram1.*)
 .iram1.literal
                0x0000000040080400       0xa8 /Users/dgmiller/workspace/esp_playground/projects/hello_world/build/esp32/libesp32.a(cpu_start.o)
                                        0x1d4 (size before relaxing)
 .iram1.literal
                0x00000000400804a8       0x1c /Users/dgmiller/workspace/esp_playground/projects/hello_world/build/esp32/libesp32.a(crosscore_int.o)
                                         0x40 (size before relaxing)
 .iram1.literal
                0x00000000400804c4       0x34 /Users/dgmiller/workspace/esp_playground/projects/hello_world/build/esp32/libesp32.a(dport_access.o)
                                         0x7c (size before relaxing)
 .iram1.literal
                0x00000000400804f8       0x20 /Users/dgmiller/workspace/esp_playground/projects/hello_world/build/esp32/libesp32.a(esp_timer.o)
                                         0x54 (size before relaxing)
 .iram1.literal
                0x0000000040080518       0x58 /Users/dgmiller/workspace/esp_playground/projects/hello_world/build/esp32/libesp32.a(esp_timer_esp32.o)
                                         0xf0 (size before relaxing)
 .iram1.literal
                0x0000000040080570        0xc /Users/dgmiller/workspace/esp_playground/projects/hello_world/build/esp32/libesp32.a(int_wdt.o)
 .iram1.literal
                0x000000004008057c       0x20 /Users/dgmiller/workspace/esp_playground/projects/hello_world/build/esp32/libesp32.a(intr_alloc.o)
                                         0x7c (size before relaxing)
 .iram1.literal
                0x000000004008059c       0x20 /Users/dgmiller/workspace/esp_playground/projects/hello_world/build/esp32/libesp32.a(ipc.o)
                                         0x34 (size before relaxing)
 .iram1.literal
                0x00000000400805bc       0x64 /Users/dgmiller/workspace/esp_playground/projects/hello_world/build/esp32/libesp32.a(system_api.o)
                                         0xc8 (size before relaxing)
 .iram1.literal
                0x0000000040080620       0x10 /Users/dgmiller/workspace/esp_playground/projects/hello_world/build/esp32/libesp32.a(dport_panic_highint_hdl.o)
                                         0x28 (size before relaxing)
 .iram1.literal
                0x0000000040080630        0xc /Users/dgmiller/workspace/esp_playground/projects/hello_world/build/esp32/libesp32.a(cache_err_int.o)
                                         0x20 (size before relaxing)
 .iram1.literal
                0x000000004008063c        0xc /Users/dgmiller/workspace/esp_playground/projects/hello_world/build/esp32/libesp32.a(clk.o)
                                         0x18 (size before relaxing)
 .iram1.literal
                0x0000000040080648        0x4 /Users/dgmiller/workspace/esp_playground/projects/hello_world/build/esp32/libesp32.a(freertos_hooks.o)
 .iram1.literal
                0x000000004008064c        0x4 /Users/dgmiller/workspace/esp_playground/projects/hello_world/build/freertos/libfreertos.a(port.o)
 .iram1.literal
                0x0000000040080650       0x44 /Users/dgmiller/workspace/esp_playground/projects/hello_world/build/freertos/libfreertos.a(xtensa_vectors.o)
                                         0x68 (size before relaxing)
 .iram1.literal
                0x0000000040080694       0x58 /Users/dgmiller/workspace/esp_playground/projects/hello_world/build/heap/libheap.a(heap_caps.o)
                                         0xb0 (size before relaxing)
 .iram1.literal
                0x00000000400806ec       0x24 /Users/dgmiller/workspace/esp_playground/projects/hello_world/build/log/liblog.a(log.o)
                                         0x48 (size before relaxing)
 .iram1.literal
                0x0000000040080710       0x14 /Users/dgmiller/workspace/esp_playground/projects/hello_world/build/newlib/libnewlib.a(locks.o)
                                         0x90 (size before relaxing)
 .iram1.literal
                0x0000000040080724        0x8 /Users/dgmiller/workspace/esp_playground/projects/hello_world/build/newlib/libnewlib.a(reent_init.o)
                                         0x10 (size before relaxing)
 .iram1.literal
                0x000000004008072c        0x0 /Users/dgmiller/workspace/esp_playground/projects/hello_world/build/newlib/libnewlib.a(syscalls.o)
                                         0x14 (size before relaxing)
 .iram1.literal
                0x000000004008072c        0x0 /Users/dgmiller/workspace/esp_playground/projects/hello_world/build/newlib/libnewlib.a(time.o)
                                         0x1c (size before relaxing)
 .iram1.literal
                0x000000004008072c       0x1c /Users/dgmiller/workspace/esp_playground/projects/hello_world/build/soc/libsoc.a(cpu_util.o)
                                         0x30 (size before relaxing)
 .iram1.literal
                0x0000000040080748       0x50 /Users/dgmiller/workspace/esp_playground/projects/hello_world/build/spi_flash/libspi_flash.a(cache_utils.o)
                                        0x144 (size before relaxing)
 .iram1.literal
                0x0000000040080798       0x38 /Users/dgmiller/workspace/esp_playground/projects/hello_world/build/spi_flash/libspi_flash.a(flash_ops.o)
                                         0xe4 (size before relaxing)
 .iram1.literal
                0x00000000400807d0       0x4c /Users/dgmiller/workspace/esp_playground/projects/hello_world/build/spi_flash/libspi_flash.a(flash_mmap.o)
                                        0x108 (size before relaxing)
 .literal.pxPortInitialiseStack
                0x000000004008081c       0x10 /Users/dgmiller/workspace/esp_playground/projects/hello_world/build/freertos/libfreertos.a(port.o)
                                         0x18 (size before relaxing)
 .literal.xPortStartScheduler
                0x000000004008082c        0x0 /Users/dgmiller/workspace/esp_playground/projects/hello_world/build/freertos/libfreertos.a(port.o)
                                         0x14 (size before relaxing)
 .literal.xPortSysTickHandler
                0x000000004008082c        0x0 /Users/dgmiller/workspace/esp_playground/projects/hello_world/build/freertos/libfreertos.a(port.o)
                                          0x8 (size before relaxing)
 .literal.vPortYieldOtherCore
                0x000000004008082c        0x0 /Users/dgmiller/workspace/esp_playground/projects/hello_world/build/freertos/libfreertos.a(port.o)
                                          0x4 (size before relaxing)
 .literal.vPortReleaseTaskMPUSettings
                0x000000004008082c        0x0 /Users/dgmiller/workspace/esp_playground/projects/hello_world/build/freertos/libfreertos.a(port.o)
                                          0x4 (size before relaxing)
 .literal.xPortInIsrContext
                0x000000004008082c        0x0 /Users/dgmiller/workspace/esp_playground/projects/hello_world/build/freertos/libfreertos.a(port.o)
                                          0x8 (size before relaxing)
 .literal.vPortCPUInitializeMutex
                0x000000004008082c        0x4 /Users/dgmiller/workspace/esp_playground/projects/hello_world/build/freertos/libfreertos.a(port.o)
 .literal.vPortCPUAcquireMutex
                0x0000000040080830       0x1c /Users/dgmiller/workspace/esp_playground/projects/hello_world/build/freertos/libfreertos.a(port.o)
                                         0x30 (size before relaxing)
 .literal.vPortCPUReleaseMutex
                0x000000004008084c       0x10 /Users/dgmiller/workspace/esp_playground/projects/hello_world/build/freertos/libfreertos.a(port.o)
                                         0x28 (size before relaxing)
 .literal.prvIsQueueFull
                0x000000004008085c        0x0 /Users/dgmiller/workspace/esp_playground/projects/hello_world/build/freertos/libfreertos.a(queue.o)
                                          0x8 (size before relaxing)
 .literal.prvCopyDataToQueue
                0x000000004008085c        0x0 /Users/dgmiller/workspace/esp_playground/projects/hello_world/build/freertos/libfreertos.a(queue.o)
                                          0xc (size before relaxing)
 .literal.prvNotifyQueueSetContainer
                0x000000004008085c       0x14 /Users/dgmiller/workspace/esp_playground/projects/hello_world/build/freertos/libfreertos.a(queue.o)
                                         0x2c (size before relaxing)
 .literal.prvCopyDataFromQueue
                0x0000000040080870        0x0 /Users/dgmiller/workspace/esp_playground/projects/hello_world/build/freertos/libfreertos.a(queue.o)
                                          0x4 (size before relaxing)
 .literal.xQueueGenericReset
                0x0000000040080870        0x4 /Users/dgmiller/workspace/esp_playground/projects/hello_world/build/freertos/libfreertos.a(queue.o)
                                         0x30 (size before relaxing)
 .literal.prvInitialiseNewQueue
                0x0000000040080874        0x0 /Users/dgmiller/workspace/esp_playground/projects/hello_world/build/freertos/libfreertos.a(queue.o)
                                          0x4 (size before relaxing)
 .literal.xQueueGenericCreate
                0x0000000040080874        0x4 /Users/dgmiller/workspace/esp_playground/projects/hello_world/build/freertos/libfreertos.a(queue.o)
                                         0x1c (size before relaxing)
 .literal.xQueueGetMutexHolder
                0x0000000040080878        0x0 /Users/dgmiller/workspace/esp_playground/projects/hello_world/build/freertos/libfreertos.a(queue.o)
                                          0x8 (size before relaxing)
 .literal.xQueueCreateCountingSemaphore
                0x0000000040080878        0x4 /Users/dgmiller/workspace/esp_playground/projects/hello_world/build/freertos/libfreertos.a(queue.o)
                                         0x28 (size before relaxing)
 .literal.xQueueGenericSend
                0x000000004008087c        0x4 /Users/dgmiller/workspace/esp_playground/projects/hello_world/build/freertos/libfreertos.a(queue.o)
                                         0x7c (size before relaxing)
 .literal.prvInitialiseMutex
                0x0000000040080880        0x0 /Users/dgmiller/workspace/esp_playground/projects/hello_world/build/freertos/libfreertos.a(queue.o)
                                          0x8 (size before relaxing)
 .literal.xQueueCreateMutex
                0x0000000040080880        0x0 /Users/dgmiller/workspace/esp_playground/projects/hello_world/build/freertos/libfreertos.a(queue.o)
                                          0x8 (size before relaxing)
 .literal.xQueueGiveMutexRecursive
                0x0000000040080880        0x4 /Users/dgmiller/workspace/esp_playground/projects/hello_world/build/freertos/libfreertos.a(queue.o)
                                         0x1c (size before relaxing)
 .literal.xQueueGenericSendFromISR
                0x0000000040080884        0x4 /Users/dgmiller/workspace/esp_playground/projects/hello_world/build/freertos/libfreertos.a(queue.o)
                                         0x3c (size before relaxing)
 .literal.xQueueGiveFromISR
                0x0000000040080888        0x4 /Users/dgmiller/workspace/esp_playground/projects/hello_world/build/freertos/libfreertos.a(queue.o)
                                         0x30 (size before relaxing)
 .literal.xQueueGenericReceive
                0x000000004008088c        0x4 /Users/dgmiller/workspace/esp_playground/projects/hello_world/build/freertos/libfreertos.a(queue.o)
                                         0x78 (size before relaxing)
 .literal.xQueueTakeMutexRecursive
                0x0000000040080890        0x4 /Users/dgmiller/workspace/esp_playground/projects/hello_world/build/freertos/libfreertos.a(queue.o)
                                         0x1c (size before relaxing)
 .literal.xQueueReceiveFromISR
                0x0000000040080894        0x4 /Users/dgmiller/workspace/esp_playground/projects/hello_world/build/freertos/libfreertos.a(queue.o)
                                         0x30 (size before relaxing)
 .literal.vQueueDelete
                0x0000000040080898        0x4 /Users/dgmiller/workspace/esp_playground/projects/hello_world/build/freertos/libfreertos.a(queue.o)
                                         0x18 (size before relaxing)
 .literal.vQueueWaitForMessageRestricted
                0x000000004008089c        0x0 /Users/dgmiller/workspace/esp_playground/projects/hello_world/build/freertos/libfreertos.a(queue.o)
                                          0xc (size before relaxing)
 .literal.prvResetNextTaskUnblockTime
                0x000000004008089c        0x8 /Users/dgmiller/workspace/esp_playground/projects/hello_world/build/freertos/libfreertos.a(tasks.o)
 .literal.prvDeleteTLS
                0x00000000400808a4       0x10 /Users/dgmiller/workspace/esp_playground/projects/hello_world/build/freertos/libfreertos.a(tasks.o)
                                         0x18 (size before relaxing)
 .literal.prvInitialiseNewTask
                0x00000000400808b4        0x0 /Users/dgmiller/workspace/esp_playground/projects/hello_world/build/freertos/libfreertos.a(tasks.o)
                                         0x18 (size before relaxing)
 .literal.prvInitialiseTaskLists
                0x00000000400808b4       0x20 /Users/dgmiller/workspace/esp_playground/projects/hello_world/build/freertos/libfreertos.a(tasks.o)
                                         0x40 (size before relaxing)
 .literal.prvDeleteTCB
                0x00000000400808d4        0x8 /Users/dgmiller/workspace/esp_playground/projects/hello_world/build/freertos/libfreertos.a(tasks.o)
                                         0x2c (size before relaxing)
 .literal.prvAddCurrentTaskToDelayedList
                0x00000000400808dc        0x4 /Users/dgmiller/workspace/esp_playground/projects/hello_world/build/freertos/libfreertos.a(tasks.o)
                                         0x1c (size before relaxing)
 .literal.taskYIELD_OTHER_CORE
                0x00000000400808e0        0x0 /Users/dgmiller/workspace/esp_playground/projects/hello_world/build/freertos/libfreertos.a(tasks.o)
                                         0x10 (size before relaxing)
 .literal.vTaskSuspendAll
                0x00000000400808e0        0x4 /Users/dgmiller/workspace/esp_playground/projects/hello_world/build/freertos/libfreertos.a(tasks.o)
                                          0x8 (size before relaxing)
 .literal.xTaskGetIdleTaskHandleForCPU
                0x00000000400808e4        0xc /Users/dgmiller/workspace/esp_playground/projects/hello_world/build/freertos/libfreertos.a(tasks.o)
                                         0x1c (size before relaxing)
 .literal.vTaskSwitchContext
                0x00000000400808f0       0x18 /Users/dgmiller/workspace/esp_playground/projects/hello_world/build/freertos/libfreertos.a(tasks.o)
                                         0x3c (size before relaxing)
 .literal.vTaskSetTimeOutState
                0x0000000040080908        0xc /Users/dgmiller/workspace/esp_playground/projects/hello_world/build/freertos/libfreertos.a(tasks.o)
                                         0x20 (size before relaxing)
 .literal.xTaskGetCurrentTaskHandle
                0x0000000040080914        0x0 /Users/dgmiller/workspace/esp_playground/projects/hello_world/build/freertos/libfreertos.a(tasks.o)
                                          0x8 (size before relaxing)
 .literal.__getreent
                0x0000000040080914        0x0 /Users/dgmiller/workspace/esp_playground/projects/hello_world/build/freertos/libfreertos.a(tasks.o)
                                          0x8 (size before relaxing)
 .literal.pcTaskGetTaskName
                0x0000000040080914        0x8 /Users/dgmiller/workspace/esp_playground/projects/hello_world/build/freertos/libfreertos.a(tasks.o)
                                         0x1c (size before relaxing)
 .literal.xTaskGetAffinity
                0x000000004008091c        0x0 /Users/dgmiller/workspace/esp_playground/projects/hello_world/build/freertos/libfreertos.a(tasks.o)
                                          0x4 (size before relaxing)
 .literal.xTaskGetCurrentTaskHandleForCPU
                0x000000004008091c        0x0 /Users/dgmiller/workspace/esp_playground/projects/hello_world/build/freertos/libfreertos.a(tasks.o)
                                          0x4 (size before relaxing)
 .literal.xTaskGetSchedulerState
                0x000000004008091c        0x4 /Users/dgmiller/workspace/esp_playground/projects/hello_world/build/freertos/libfreertos.a(tasks.o)
                                          0xc (size before relaxing)
 .literal.vTaskEnterCritical
                0x0000000040080920       0x14 /Users/dgmiller/workspace/esp_playground/projects/hello_world/build/freertos/libfreertos.a(tasks.o)
                                         0x34 (size before relaxing)
 .literal.vTaskExitCritical
                0x0000000040080934       0x10 /Users/dgmiller/workspace/esp_playground/projects/hello_world/build/freertos/libfreertos.a(tasks.o)
                                         0x30 (size before relaxing)
 .literal.prvAddNewTaskToReadyList
                0x0000000040080944       0x10 /Users/dgmiller/workspace/esp_playground/projects/hello_world/build/freertos/libfreertos.a(tasks.o)
                                         0x58 (size before relaxing)
 .literal.xTaskCreatePinnedToCore
                0x0000000040080954        0x0 /Users/dgmiller/workspace/esp_playground/projects/hello_world/build/freertos/libfreertos.a(tasks.o)
                                         0x18 (size before relaxing)
 .literal.vTaskStartScheduler
                0x0000000040080954       0x10 /Users/dgmiller/workspace/esp_playground/projects/hello_world/build/freertos/libfreertos.a(tasks.o)
                                         0x38 (size before relaxing)
 .literal.vTaskDelete
                0x0000000040080964        0x8 /Users/dgmiller/workspace/esp_playground/projects/hello_world/build/freertos/libfreertos.a(tasks.o)
                                         0x60 (size before relaxing)
 .literal.vTaskDelay
                0x000000004008096c        0x4 /Users/dgmiller/workspace/esp_playground/projects/hello_world/build/freertos/libfreertos.a(tasks.o)
                                         0x38 (size before relaxing)
 .literal.prvCheckTasksWaitingTermination
                0x0000000040080970        0x8 /Users/dgmiller/workspace/esp_playground/projects/hello_world/build/freertos/libfreertos.a(tasks.o)
                                         0x30 (size before relaxing)
 .literal.prvIdleTask
                0x0000000040080978        0x0 /Users/dgmiller/workspace/esp_playground/projects/hello_world/build/freertos/libfreertos.a(tasks.o)
                                          0x8 (size before relaxing)
 .literal.xTaskGetTickCount
                0x0000000040080978        0x4 /Users/dgmiller/workspace/esp_playground/projects/hello_world/build/freertos/libfreertos.a(tasks.o)
                                         0x10 (size before relaxing)
 .literal.xTaskIncrementTick
                0x000000004008097c        0xc /Users/dgmiller/workspace/esp_playground/projects/hello_world/build/freertos/libfreertos.a(tasks.o)
                                         0x78 (size before relaxing)
 .literal.xTaskResumeAll
                0x0000000040080988        0x8 /Users/dgmiller/workspace/esp_playground/projects/hello_world/build/freertos/libfreertos.a(tasks.o)
                                         0x5c (size before relaxing)
 .literal.vTaskPlaceOnEventList
                0x0000000040080990        0x8 /Users/dgmiller/workspace/esp_playground/projects/hello_world/build/freertos/libfreertos.a(tasks.o)
                                         0x40 (size before relaxing)
 .literal.vTaskPlaceOnEventListRestricted
                0x0000000040080998        0x8 /Users/dgmiller/workspace/esp_playground/projects/hello_world/build/freertos/libfreertos.a(tasks.o)
                                         0x38 (size before relaxing)
 .literal.xTaskRemoveFromEventList
                0x00000000400809a0        0x8 /Users/dgmiller/workspace/esp_playground/projects/hello_world/build/freertos/libfreertos.a(tasks.o)
                                         0x58 (size before relaxing)
 .literal.xTaskCheckForTimeOut
                0x00000000400809a8        0xc /Users/dgmiller/workspace/esp_playground/projects/hello_world/build/freertos/libfreertos.a(tasks.o)
                                         0x3c (size before relaxing)
 .literal.vTaskPriorityInherit
                0x00000000400809b4        0x0 /Users/dgmiller/workspace/esp_playground/projects/hello_world/build/freertos/libfreertos.a(tasks.o)
                                         0x2c (size before relaxing)
 .literal.xTaskPriorityDisinherit
                0x00000000400809b4        0x8 /Users/dgmiller/workspace/esp_playground/projects/hello_world/build/freertos/libfreertos.a(tasks.o)
                                         0x40 (size before relaxing)
 .literal.pvTaskIncrementMutexHeldCount
                0x00000000400809bc        0x0 /Users/dgmiller/workspace/esp_playground/projects/hello_world/build/freertos/libfreertos.a(tasks.o)
                                         0x10 (size before relaxing)
 .literal.prvGetNextExpireTime
                0x00000000400809bc        0x4 /Users/dgmiller/workspace/esp_playground/projects/hello_world/build/freertos/libfreertos.a(timers.o)
 .literal.prvInsertTimerInActiveList
                0x00000000400809c0        0x4 /Users/dgmiller/workspace/esp_playground/projects/hello_world/build/freertos/libfreertos.a(timers.o)
                                         0x10 (size before relaxing)
 .literal.prvCheckForValidListAndQueue
                0x00000000400809c4       0x1c /Users/dgmiller/workspace/esp_playground/projects/hello_world/build/freertos/libfreertos.a(timers.o)
                                         0x44 (size before relaxing)
 .literal.xTimerCreateTimerTask
                0x00000000400809e0       0x10 /Users/dgmiller/workspace/esp_playground/projects/hello_world/build/freertos/libfreertos.a(timers.o)
                                         0x2c (size before relaxing)
 .literal.xTimerGenericCommand
                0x00000000400809f0        0x0 /Users/dgmiller/workspace/esp_playground/projects/hello_world/build/freertos/libfreertos.a(timers.o)
                                         0x14 (size before relaxing)
 .literal.prvSwitchTimerLists
                0x00000000400809f0        0x4 /Users/dgmiller/workspace/esp_playground/projects/hello_world/build/freertos/libfreertos.a(timers.o)
                                         0x28 (size before relaxing)
 .literal.prvSampleTimeNow
                0x00000000400809f4        0x4 /Users/dgmiller/workspace/esp_playground/projects/hello_world/build/freertos/libfreertos.a(timers.o)
                                          0xc (size before relaxing)
 .literal.prvProcessExpiredTimer
                0x00000000400809f8        0x4 /Users/dgmiller/workspace/esp_playground/projects/hello_world/build/freertos/libfreertos.a(timers.o)
                                         0x24 (size before relaxing)
 .literal.prvProcessTimerOrBlockTask
                0x00000000400809fc        0x0 /Users/dgmiller/workspace/esp_playground/projects/hello_world/build/freertos/libfreertos.a(timers.o)
                                         0x24 (size before relaxing)
 .literal.prvProcessReceivedCommands
                0x00000000400809fc        0x8 /Users/dgmiller/workspace/esp_playground/projects/hello_world/build/freertos/libfreertos.a(timers.o)
                                         0x40 (size before relaxing)
 .literal.prvTimerTask
                0x0000000040080a04        0x0 /Users/dgmiller/workspace/esp_playground/projects/hello_world/build/freertos/libfreertos.a(timers.o)
                                          0xc (size before relaxing)
 .literal._xt_tick_divisor_init
                0x0000000040080a04        0x8 /Users/dgmiller/workspace/esp_playground/projects/hello_world/build/freertos/libfreertos.a(xtensa_init.o)
                                          0xc (size before relaxing)
 .literal.xt_unhandled_interrupt
                0x0000000040080a0c        0x4 /Users/dgmiller/workspace/esp_playground/projects/hello_world/build/freertos/libfreertos.a(xtensa_intr.o)
                                          0x8 (size before relaxing)
 .literal.xt_set_interrupt_handler
                0x0000000040080a10        0x8 /Users/dgmiller/workspace/esp_playground/projects/hello_world/build/freertos/libfreertos.a(xtensa_intr.o)
                                          0xc (size before relaxing)
 .literal       0x0000000040080a18        0xc /Users/dgmiller/workspace/esp_playground/projects/hello_world/build/freertos/libfreertos.a(portasm.o)
                                         0x54 (size before relaxing)
 .literal       0x0000000040080a24        0x0 /Users/dgmiller/workspace/esp_playground/projects/hello_world/build/freertos/libfreertos.a(xtensa_context.o)
                                         0x10 (size before relaxing)
 .literal.get_prev_free_block
                0x0000000040080a24       0x10 /Users/dgmiller/workspace/esp_playground/projects/hello_world/build/heap/libheap.a(multi_heap.o)
                                         0x28 (size before relaxing)
 .literal.split_if_necessary
                0x0000000040080a34        0x8 /Users/dgmiller/workspace/esp_playground/projects/hello_world/build/heap/libheap.a(multi_heap.o)
                                         0x38 (size before relaxing)
 .literal.assert_valid_block
                0x0000000040080a3c        0x8 /Users/dgmiller/workspace/esp_playground/projects/hello_world/build/heap/libheap.a(multi_heap.o)
                                         0x2c (size before relaxing)
 .literal.merge_adjacent
                0x0000000040080a44        0x8 /Users/dgmiller/workspace/esp_playground/projects/hello_world/build/heap/libheap.a(multi_heap.o)
                                         0x4c (size before relaxing)
 .literal.multi_heap_get_allocated_size_impl
                0x0000000040080a4c        0x0 /Users/dgmiller/workspace/esp_playground/projects/hello_world/build/heap/libheap.a(multi_heap.o)
                                         0x10 (size before relaxing)
 .literal.multi_heap_malloc_impl
                0x0000000040080a4c        0x0 /Users/dgmiller/workspace/esp_playground/projects/hello_world/build/heap/libheap.a(multi_heap.o)
                                         0x28 (size before relaxing)
 .literal.multi_heap_free_impl
                0x0000000040080a4c        0x0 /Users/dgmiller/workspace/esp_playground/projects/hello_world/build/heap/libheap.a(multi_heap.o)
                                         0x50 (size before relaxing)
 .literal.multi_heap_realloc_impl
                0x0000000040080a4c        0x8 /Users/dgmiller/workspace/esp_playground/projects/hello_world/build/heap/libheap.a(multi_heap.o)
                                         0x68 (size before relaxing)
 .literal.panicPutChar
                0x0000000040080a54        0x8 /Users/dgmiller/workspace/esp_playground/projects/hello_world/build/esp32/libesp32.a(panic.o)
 .literal.panicPutStr
                0x0000000040080a5c        0x0 /Users/dgmiller/workspace/esp_playground/projects/hello_world/build/esp32/libesp32.a(panic.o)
                                          0x4 (size before relaxing)
 .literal.panicPutHex
                0x0000000040080a5c        0x0 /Users/dgmiller/workspace/esp_playground/projects/hello_world/build/esp32/libesp32.a(panic.o)
                                          0x8 (size before relaxing)
 .literal.panicPutDec
                0x0000000040080a5c        0x4 /Users/dgmiller/workspace/esp_playground/projects/hello_world/build/esp32/libesp32.a(panic.o)
                                         0x10 (size before relaxing)
 .literal.reconfigureAllWdts
                0x0000000040080a60       0x10 /Users/dgmiller/workspace/esp_playground/projects/hello_world/build/esp32/libesp32.a(panic.o)
                                         0x24 (size before relaxing)
 .literal.putEntry
                0x0000000040080a70       0x10 /Users/dgmiller/workspace/esp_playground/projects/hello_world/build/esp32/libesp32.a(panic.o)
                                         0x20 (size before relaxing)
 .literal.doBacktrace
                0x0000000040080a80       0x10 /Users/dgmiller/workspace/esp_playground/projects/hello_world/build/esp32/libesp32.a(panic.o)
                                         0x24 (size before relaxing)
 .literal.invoke_abort
                0x0000000040080a90        0x4 /Users/dgmiller/workspace/esp_playground/projects/hello_world/build/esp32/libesp32.a(panic.o)
                                          0x8 (size before relaxing)
 .literal.haltOtherCore
                0x0000000040080a94        0x0 /Users/dgmiller/workspace/esp_playground/projects/hello_world/build/esp32/libesp32.a(panic.o)
                                          0x4 (size before relaxing)
 .literal.esp_panic_wdt_start
                0x0000000040080a94       0x14 /Users/dgmiller/workspace/esp_playground/projects/hello_world/build/esp32/libesp32.a(panic.o)
                                         0x2c (size before relaxing)
 .literal.commonErrorHandler_dump
                0x0000000040080aa8       0x30 /Users/dgmiller/workspace/esp_playground/projects/hello_world/build/esp32/libesp32.a(panic.o)
                                         0x90 (size before relaxing)
 .literal.esp_panic_dig_reset
                0x0000000040080ad8        0x0 /Users/dgmiller/workspace/esp_playground/projects/hello_world/build/esp32/libesp32.a(panic.o)
                                         0x14 (size before relaxing)
 .literal.abort
                0x0000000040080ad8        0x8 /Users/dgmiller/workspace/esp_playground/projects/hello_world/build/esp32/libesp32.a(panic.o)
                                         0x10 (size before relaxing)
 .literal.vApplicationStackOverflowHook
                0x0000000040080ae0        0x8 /Users/dgmiller/workspace/esp_playground/projects/hello_world/build/esp32/libesp32.a(panic.o)
                                         0x18 (size before relaxing)
 .literal.esp_panic_wdt_stop
                0x0000000040080ae8        0x0 /Users/dgmiller/workspace/esp_playground/projects/hello_world/build/esp32/libesp32.a(panic.o)
                                         0x18 (size before relaxing)
 .literal.commonErrorHandler
                0x0000000040080ae8        0x4 /Users/dgmiller/workspace/esp_playground/projects/hello_world/build/esp32/libesp32.a(panic.o)
                                         0x28 (size before relaxing)
 .literal.panicHandler
                0x0000000040080aec       0x34 /Users/dgmiller/workspace/esp_playground/projects/hello_world/build/esp32/libesp32.a(panic.o)
                                         0xa4 (size before relaxing)
 .literal.xt_unhandled_exception
                0x0000000040080b20       0x14 /Users/dgmiller/workspace/esp_playground/projects/hello_world/build/esp32/libesp32.a(panic.o)
                                         0x60 (size before relaxing)
 .literal._esp_error_check_failed
                0x0000000040080b34        0xc /Users/dgmiller/workspace/esp_playground/projects/hello_world/build/esp32/libesp32.a(panic.o)
                                         0x1c (size before relaxing)
 .literal.rtc_clk_32k_enable_internal
                0x0000000040080b40       0x14 /Users/dgmiller/workspace/esp_playground/projects/hello_world/build/soc/libsoc.a(rtc_clk.o)
 .literal.rtc_clk_32k_enable
                0x0000000040080b54        0x4 /Users/dgmiller/workspace/esp_playground/projects/hello_world/build/soc/libsoc.a(rtc_clk.o)
                                          0xc (size before relaxing)
 .literal.rtc_clk_32k_bootstrap
                0x0000000040080b58        0xc /Users/dgmiller/workspace/esp_playground/projects/hello_world/build/soc/libsoc.a(rtc_clk.o)
                                         0x34 (size before relaxing)
 .literal.rtc_clk_slow_freq_set
                0x0000000040080b64        0x4 /Users/dgmiller/workspace/esp_playground/projects/hello_world/build/soc/libsoc.a(rtc_clk.o)
                                          0xc (size before relaxing)
 .literal.rtc_clk_slow_freq_get
                0x0000000040080b68        0x0 /Users/dgmiller/workspace/esp_playground/projects/hello_world/build/soc/libsoc.a(rtc_clk.o)
                                          0x4 (size before relaxing)
 .literal.rtc_clk_slow_freq_get_hz
                0x0000000040080b68        0xc /Users/dgmiller/workspace/esp_playground/projects/hello_world/build/soc/libsoc.a(rtc_clk.o)
                                         0x10 (size before relaxing)
 .literal.rtc_clk_fast_freq_set
                0x0000000040080b74        0x4 /Users/dgmiller/workspace/esp_playground/projects/hello_world/build/soc/libsoc.a(rtc_clk.o)
                                          0xc (size before relaxing)
 .literal.rtc_clk_bbpll_set
                0x0000000040080b78        0xc /Users/dgmiller/workspace/esp_playground/projects/hello_world/build/soc/libsoc.a(rtc_clk.o)
                                         0x38 (size before relaxing)
 .literal.rtc_clk_xtal_freq_get
                0x0000000040080b84        0xc /Users/dgmiller/workspace/esp_playground/projects/hello_world/build/soc/libsoc.a(rtc_clk.o)
                                         0x1c (size before relaxing)
 .literal.rtc_clk_cpu_freq_get
                0x0000000040080b90       0x14 /Users/dgmiller/workspace/esp_playground/projects/hello_world/build/soc/libsoc.a(rtc_clk.o)
                                         0x30 (size before relaxing)
 .literal.rtc_clk_cpu_freq_value
                0x0000000040080ba4       0x1c /Users/dgmiller/workspace/esp_playground/projects/hello_world/build/soc/libsoc.a(rtc_clk.o)
                                         0x2c (size before relaxing)
 .literal.rtc_clk_apb_freq_update
                0x0000000040080bc0        0x4 /Users/dgmiller/workspace/esp_playground/projects/hello_world/build/soc/libsoc.a(rtc_clk.o)
                                          0x8 (size before relaxing)
 .literal.rtc_clk_cpu_freq_set
                0x0000000040080bc4       0x1c /Users/dgmiller/workspace/esp_playground/projects/hello_world/build/soc/libsoc.a(rtc_clk.o)
                                         0x98 (size before relaxing)
 .literal.rtc_clk_apb_freq_get
                0x0000000040080be0        0x8 /Users/dgmiller/workspace/esp_playground/projects/hello_world/build/soc/libsoc.a(rtc_clk.o)
                                         0x14 (size before relaxing)
 .literal.rtc_init
                0x0000000040080be8       0x80 /Users/dgmiller/workspace/esp_playground/projects/hello_world/build/soc/libsoc.a(rtc_init.o)
                                        0x100 (size before relaxing)
 .literal.rtc_clk_cal_internal
                0x0000000040080c68       0x10 /Users/dgmiller/workspace/esp_playground/projects/hello_world/build/soc/libsoc.a(rtc_time.o)
                                         0x3c (size before relaxing)
 .literal.rtc_clk_cal
                0x0000000040080c78        0x0 /Users/dgmiller/workspace/esp_playground/projects/hello_world/build/soc/libsoc.a(rtc_time.o)
                                          0xc (size before relaxing)
 .literal.rtc_time_get
                0x0000000040080c78       0x10 /Users/dgmiller/workspace/esp_playground/projects/hello_world/build/soc/libsoc.a(rtc_time.o)
                                         0x18 (size before relaxing)
 .literal.rtc_clk_wait_for_slow_cycle
                0x0000000040080c88        0x8 /Users/dgmiller/workspace/esp_playground/projects/hello_world/build/soc/libsoc.a(rtc_time.o)
                                         0x20 (size before relaxing)
 .literal       0x0000000040080c90        0x0 /Users/dgmiller/workspace/esp_playground/esp-idf/components/esp32/libhal.a(windowspill_asm.o)
                                          0x4 (size before relaxing)
 .literal.esp_rom_spiflash_read_status
                0x0000000040080c90       0x10 /Users/dgmiller/workspace/esp_playground/projects/hello_world/build/spi_flash/libspi_flash.a(spi_flash_rom_patch.o)
                                         0x14 (size before relaxing)
 .literal.esp_rom_spiflash_wait_idle
                0x0000000040080ca0        0x8 /Users/dgmiller/workspace/esp_playground/projects/hello_world/build/spi_flash/libspi_flash.a(spi_flash_rom_patch.o)
                                          0xc (size before relaxing)
 .literal.esp_rom_spiflash_erase_block_internal
                0x0000000040080ca8        0x4 /Users/dgmiller/workspace/esp_playground/projects/hello_world/build/spi_flash/libspi_flash.a(spi_flash_rom_patch.o)
                                         0x18 (size before relaxing)
 .literal.esp_rom_spiflash_erase_sector_internal
                0x0000000040080cac        0x0 /Users/dgmiller/workspace/esp_playground/projects/hello_world/build/spi_flash/libspi_flash.a(spi_flash_rom_patch.o)
                                         0x18 (size before relaxing)
 .literal.esp_rom_spiflash_read_data
                0x0000000040080cac       0x18 /Users/dgmiller/workspace/esp_playground/projects/hello_world/build/spi_flash/libspi_flash.a(spi_flash_rom_patch.o)
                                         0x34 (size before relaxing)
 .literal.esp_rom_spiflash_enable_write
                0x0000000040080cc4        0x0 /Users/dgmiller/workspace/esp_playground/projects/hello_world/build/spi_flash/libspi_flash.a(spi_flash_rom_patch.o)
                                         0x10 (size before relaxing)
 .literal.esp_rom_spiflash_program_page_internal
                0x0000000040080cc4       0x10 /Users/dgmiller/workspace/esp_playground/projects/hello_world/build/spi_flash/libspi_flash.a(spi_flash_rom_patch.o)
                                         0x40 (size before relaxing)
 .literal.esp_rom_spiflash_read_statushigh
                0x0000000040080cd4        0x4 /Users/dgmiller/workspace/esp_playground/projects/hello_world/build/spi_flash/libspi_flash.a(spi_flash_rom_patch.o)
                                          0xc (size before relaxing)
 .literal.esp_rom_spiflash_write_status
                0x0000000040080cd8        0x4 /Users/dgmiller/workspace/esp_playground/projects/hello_world/build/spi_flash/libspi_flash.a(spi_flash_rom_patch.o)
                                         0x14 (size before relaxing)
 .literal.esp_rom_spiflash_unlock
                0x0000000040080cdc        0x8 /Users/dgmiller/workspace/esp_playground/projects/hello_world/build/spi_flash/libspi_flash.a(spi_flash_rom_patch.o)
                                         0x28 (size before relaxing)
 .literal.esp_rom_spiflash_erase_block
                0x0000000040080ce4        0xc /Users/dgmiller/workspace/esp_playground/projects/hello_world/build/spi_flash/libspi_flash.a(spi_flash_rom_patch.o)
                                         0x20 (size before relaxing)
 .literal.esp_rom_spiflash_erase_sector
                0x0000000040080cf0        0x0 /Users/dgmiller/workspace/esp_playground/projects/hello_world/build/spi_flash/libspi_flash.a(spi_flash_rom_patch.o)
                                         0x20 (size before relaxing)
 .literal.esp_rom_spiflash_write
                0x0000000040080cf0        0x0 /Users/dgmiller/workspace/esp_playground/projects/hello_world/build/spi_flash/libspi_flash.a(spi_flash_rom_patch.o)
                                         0x28 (size before relaxing)
 .literal.esp_rom_spiflash_write_encrypted
                0x0000000040080cf0        0xc /Users/dgmiller/workspace/esp_playground/projects/hello_world/build/spi_flash/libspi_flash.a(spi_flash_rom_patch.o)
                                         0x10 (size before relaxing)
 .literal.esp_rom_spiflash_read
                0x0000000040080cfc       0x30 /Users/dgmiller/workspace/esp_playground/projects/hello_world/build/spi_flash/libspi_flash.a(spi_flash_rom_patch.o)
                                         0x5c (size before relaxing)
 .literal       0x0000000040080d2c       0x10 /Users/dgmiller/workspace/esp_playground/esp-idf/components/newlib/lib/libm.a(lib_a-s_fpclassify.o)
                                         0x18 (size before relaxing)
 .iram1         0x0000000040080d3c      0x29e /Users/dgmiller/workspace/esp_playground/projects/hello_world/build/esp32/libesp32.a(cpu_start.o)
                                        0x35e (size before relaxing)
                0x0000000040080d3c                start_cpu0
                0x0000000040080d3c                start_cpu0_default
                0x0000000040080e0c                start_cpu1_default
                0x0000000040080e0c                start_cpu1
                0x0000000040080e88                call_start_cpu0
 *fill*         0x0000000040080fda        0x2 
 .iram1         0x0000000040080fdc       0xb0 /Users/dgmiller/workspace/esp_playground/projects/hello_world/build/esp32/libesp32.a(crosscore_int.o)
                                         0xc0 (size before relaxing)
                0x0000000040081074                esp_crosscore_int_send_yield
                0x0000000040081080                esp_crosscore_int_send_freq_switch
 .iram1         0x000000004008108c      0x197 /Users/dgmiller/workspace/esp_playground/projects/hello_world/build/esp32/libesp32.a(dport_access.o)
                                        0x1a3 (size before relaxing)
                0x000000004008108c                esp_dport_access_stall_other_cpu_start
                0x000000004008113c                esp_dport_access_stall_other_cpu_end
                0x00000000400811b8                esp_dport_access_stall_other_cpu_start_wrap
                0x00000000400811c0                esp_dport_access_stall_other_cpu_end_wrap
                0x00000000400811c8                esp_dport_access_int_pause
                0x00000000400811ec                esp_dport_access_int_abort
                0x0000000040081200                esp_dport_access_int_resume
 *fill*         0x0000000040081223        0x1 
 .iram1         0x0000000040081224      0x1e5 /Users/dgmiller/workspace/esp_playground/projects/hello_world/build/esp32/libesp32.a(esp_timer.o)
                                        0x1fd (size before relaxing)
                0x0000000040081340                esp_timer_stop
                0x0000000040081364                esp_timer_get_time
                0x0000000040081374                esp_timer_start_once
                0x00000000400813b8                esp_timer_start_periodic
 *fill*         0x0000000040081409        0x3 
 .iram1         0x000000004008140c      0x567 /Users/dgmiller/workspace/esp_playground/projects/hello_world/build/esp32/libesp32.a(esp_timer_esp32.o)
                                        0x577 (size before relaxing)
                0x0000000040081530                esp_timer_impl_get_time
                0x00000000400816a0                esp_timer_impl_set_alarm
                0x00000000400818a4                esp_timer_impl_update_apb_freq
                0x0000000040081968                esp_timer_impl_get_min_period_us
 *fill*         0x0000000040081973        0x1 
 .iram1         0x0000000040081974       0x53 /Users/dgmiller/workspace/esp_playground/projects/hello_world/build/esp32/libesp32.a(int_wdt.o)
 *fill*         0x00000000400819c7        0x1 
 .iram1         0x00000000400819c8      0x2b6 /Users/dgmiller/workspace/esp_playground/projects/hello_world/build/esp32/libesp32.a(intr_alloc.o)
                                        0x2ce (size before relaxing)
                0x0000000040081a04                esp_intr_set_in_iram
                0x0000000040081a8c                esp_intr_enable
                0x0000000040081b14                esp_intr_disable
                0x0000000040081bdc                esp_intr_noniram_disable
                0x0000000040081c28                esp_intr_noniram_enable
                0x0000000040081c68                ets_isr_unmask
                0x0000000040081c74                ets_isr_mask
 *fill*         0x0000000040081c7e        0x2 
 .iram1         0x0000000040081c80       0x7f /Users/dgmiller/workspace/esp_playground/projects/hello_world/build/esp32/libesp32.a(ipc.o)
                                         0x8b (size before relaxing)
 *fill*         0x0000000040081cff        0x1 
 .iram1         0x0000000040081d00      0x1ed /Users/dgmiller/workspace/esp_playground/projects/hello_world/build/esp32/libesp32.a(system_api.o)
                                        0x22c (size before relaxing)
                0x0000000040081d78                esp_restart_noos
                0x0000000040081ecc                esp_restart
                0x0000000040081ecc                system_restart
 *fill*         0x0000000040081eed        0x3 
 .iram1         0x0000000040081ef0       0xda /Users/dgmiller/workspace/esp_playground/projects/hello_world/build/esp32/libesp32.a(dport_panic_highint_hdl.o)
                0x0000000040081ef0                xt_highint4
                0x0000000040081fca                ld_include_panic_highint_hdl
 *fill*         0x0000000040081fca        0x2 
 .iram1         0x0000000040081fcc       0x3a /Users/dgmiller/workspace/esp_playground/projects/hello_world/build/esp32/libesp32.a(cache_err_int.o)
                                         0x4a (size before relaxing)
                0x0000000040081fcc                esp_cache_err_get_cpuid
 *fill*         0x0000000040082006        0x2 
 .iram1         0x0000000040082008       0x37 /Users/dgmiller/workspace/esp_playground/projects/hello_world/build/esp32/libesp32.a(clk.o)
                0x0000000040082008                esp_clk_cpu_freq
                0x0000000040082018                esp_clk_apb_freq
                0x0000000040082030                ets_update_cpu_frequency
 *fill*         0x000000004008203f        0x1 
 .iram1         0x0000000040082040       0x27 /Users/dgmiller/workspace/esp_playground/projects/hello_world/build/esp32/libesp32.a(freertos_hooks.o)
                0x0000000040082040                esp_vApplicationTickHook
 *fill*         0x0000000040082067        0x1 
 .iram1         0x0000000040082068       0x1a /Users/dgmiller/workspace/esp_playground/projects/hello_world/build/freertos/libfreertos.a(port.o)
                0x0000000040082068                xPortInterruptedFromISRContext
 *fill*         0x0000000040082082        0x2 
 .iram1         0x0000000040082084      0x4b4 /Users/dgmiller/workspace/esp_playground/projects/hello_world/build/freertos/libfreertos.a(xtensa_vectors.o)
                0x0000000040082084                _xt_panic
                0x000000004008219c                _xt_user_exit
                0x0000000040082488                _xt_medint2_exit
                0x0000000040082524                _xt_medint3_exit
 .iram1         0x0000000040082538      0x3dd /Users/dgmiller/workspace/esp_playground/projects/hello_world/build/heap/libheap.a(heap_caps.o)
                                        0x3f5 (size before relaxing)
                0x00000000400825c8                heap_caps_malloc
                0x0000000040082664                heap_caps_malloc_default
                0x00000000400826a8                heap_caps_malloc_prefer
                0x0000000040082700                heap_caps_free
                0x0000000040082738                heap_caps_realloc
                0x00000000400827e4                heap_caps_realloc_default
                0x000000004008283c                heap_caps_realloc_prefer
                0x00000000400828a0                heap_caps_calloc
                0x00000000400828c0                heap_caps_calloc_prefer
 *fill*         0x0000000040082915        0x3 
 .iram1         0x0000000040082918      0x18a /Users/dgmiller/workspace/esp_playground/projects/hello_world/build/log/liblog.a(log.o)
                                        0x19a (size before relaxing)
                0x0000000040082918                esp_log_write
                0x0000000040082a48                esp_log_early_timestamp
                0x0000000040082a64                esp_log_timestamp
 *fill*         0x0000000040082aa2        0x2 
 .iram1         0x0000000040082aa4      0x1cc /Users/dgmiller/workspace/esp_playground/projects/hello_world/build/newlib/libnewlib.a(locks.o)
                                        0x210 (size before relaxing)
                0x0000000040082bbc                _lock_init
                0x0000000040082bcc                _lock_init_recursive
                0x0000000040082bdc                _lock_close
                0x0000000040082c18                _lock_acquire
                0x0000000040082c28                _lock_acquire_recursive
                0x0000000040082c38                _lock_try_acquire
                0x0000000040082c48                _lock_try_acquire_recursive
                0x0000000040082c58                _lock_release
                0x0000000040082c64                _lock_release_recursive
 .iram1         0x0000000040082c70       0x3c /Users/dgmiller/workspace/esp_playground/projects/hello_world/build/newlib/libnewlib.a(reent_init.o)
                0x0000000040082c70                esp_reent_init
 .iram1         0x0000000040082cac       0x4a /Users/dgmiller/workspace/esp_playground/projects/hello_world/build/newlib/libnewlib.a(syscalls.o)
                                         0x52 (size before relaxing)
                0x0000000040082cac                _malloc_r
                0x0000000040082cb8                _free_r
                0x0000000040082cc4                _realloc_r
                0x0000000040082cd8                _calloc_r
 *fill*         0x0000000040082cf6        0x2 
 .iram1         0x0000000040082cf8       0x6c /Users/dgmiller/workspace/esp_playground/projects/hello_world/build/newlib/libnewlib.a(time.o)
                                         0x74 (size before relaxing)
                0x0000000040082cf8                _gettimeofday_r
                0x0000000040082d3c                _times_r
 .iram1         0x0000000040082d64      0x11a /Users/dgmiller/workspace/esp_playground/projects/hello_world/build/soc/libsoc.a(cpu_util.o)
                0x0000000040082d64                esp_cpu_stall
                0x0000000040082df8                esp_cpu_unstall
                0x0000000040082e4c                esp_cpu_reset
                0x0000000040082e70                esp_cpu_in_ocd_debug_mode
 *fill*         0x0000000040082e7e        0x2 
 .iram1         0x0000000040082e80      0x334 /Users/dgmiller/workspace/esp_playground/projects/hello_world/build/spi_flash/libspi_flash.a(cache_utils.o)
                                        0x39c (size before relaxing)
                0x0000000040082efc                spi_flash_op_block_func
                0x0000000040082fd4                spi_flash_disable_interrupts_caches_and_other_cpu
                0x00000000400830a0                spi_flash_enable_interrupts_caches_and_other_cpu
                0x0000000040083138                spi_flash_disable_interrupts_caches_and_other_cpu_no_os
                0x0000000040083164                spi_flash_enable_interrupts_caches_no_os
                0x0000000040083180                spi_flash_cache_enabled
 .iram1         0x00000000400831b4      0x722 /Users/dgmiller/workspace/esp_playground/projects/hello_world/build/spi_flash/libspi_flash.a(flash_ops.o)
                                        0x74a (size before relaxing)
                0x0000000040083224                spi_flash_guard_set
                0x0000000040083230                spi_flash_guard_get
                0x000000004008323c                spi_flash_get_chip_size
                0x0000000040083248                spi_flash_erase_range
                0x0000000040083300                spi_flash_erase_sector
                0x0000000040083324                spi_flash_write
                0x00000000400834ec                spi_flash_read
                0x0000000040083784                spi_flash_read_encrypted
                0x00000000400837cc                spi_flash_write_encrypted
 *fill*         0x00000000400838d6        0x2 
 .iram1         0x00000000400838d8      0x480 /Users/dgmiller/workspace/esp_playground/projects/hello_world/build/spi_flash/libspi_flash.a(flash_mmap.o)
                                        0x4b0 (size before relaxing)
                0x00000000400839dc                spi_flash_mmap_pages
                0x0000000040083bf8                spi_flash_mmap
                0x0000000040083c64                spi_flash_munmap
                0x0000000040083d10                spi_flash_mark_modified_region
 *fill*         0x0000000040083d58        0x0 
 *fill*         0x0000000040083d58        0x0 
 *fill*         0x0000000040083d58        0x0 
 *fill*         0x0000000040083d58        0x0 
 *fill*         0x0000000040083d58        0x0 
 *fill*         0x0000000040083d58        0x0 
 *fill*         0x0000000040083d58        0x0 
 *fill*         0x0000000040083d58        0x0 
 *fill*         0x0000000040083d58        0x0 
 *fill*         0x0000000040083d58        0x0 
 *fill*         0x0000000040083d58        0x0 
 *fill*         0x0000000040083d58        0x0 
 .iram1         0x0000000040083d58       0x2e /Users/dgmiller/workspace/esp_playground/projects/hello_world/build/freertos/libfreertos.a(xtensa_vector_defaults.o)
                0x0000000040083d58                xt_debugexception
                0x0000000040083d78                xt_highint5
                0x0000000040083d80                _xt_nmi
                0x0000000040083d80                xt_nmi
 *fill*         0x0000000040083d86        0x0 
 *fill*         0x0000000040083d86        0x0 
 *fill*         0x0000000040083d86        0x0 
 *fill*         0x0000000040083d86        0x0 
 *fill*         0x0000000040083d86        0x0 
 *fill*         0x0000000040083d86        0x0 
 *libfreertos.a:(.literal .text .literal.* .text.*)
 *fill*         0x0000000040083d86        0x2 
 .text.pxPortInitialiseStack
                0x0000000040083d88       0x86 /Users/dgmiller/workspace/esp_playground/projects/hello_world/build/freertos/libfreertos.a(port.o)
                0x0000000040083d88                pxPortInitialiseStack
 *fill*         0x0000000040083e0e        0x2 
 .text.xPortStartScheduler
                0x0000000040083e10       0x22 /Users/dgmiller/workspace/esp_playground/projects/hello_world/build/freertos/libfreertos.a(port.o)
                                         0x2e (size before relaxing)
                0x0000000040083e10                xPortStartScheduler
 *fill*         0x0000000040083e32        0x2 
 .text.xPortSysTickHandler
                0x0000000040083e34       0x10 /Users/dgmiller/workspace/esp_playground/projects/hello_world/build/freertos/libfreertos.a(port.o)
                                         0x16 (size before relaxing)
                0x0000000040083e34                xPortSysTickHandler
 *fill*         0x0000000040083e44        0x0 
 .text.vPortYieldOtherCore
                0x0000000040083e44        0xa /Users/dgmiller/workspace/esp_playground/projects/hello_world/build/freertos/libfreertos.a(port.o)
                                          0xe (size before relaxing)
                0x0000000040083e44                vPortYieldOtherCore
 *fill*         0x0000000040083e4e        0x2 
 .text.vPortReleaseTaskMPUSettings
                0x0000000040083e50        0xa /Users/dgmiller/workspace/esp_playground/projects/hello_world/build/freertos/libfreertos.a(port.o)
                                          0xe (size before relaxing)
                0x0000000040083e50                vPortReleaseTaskMPUSettings
 *fill*         0x0000000040083e5a        0x2 
 .text.xPortInIsrContext
                0x0000000040083e5c       0x26 /Users/dgmiller/workspace/esp_playground/projects/hello_world/build/freertos/libfreertos.a(port.o)
                0x0000000040083e5c                xPortInIsrContext
 *fill*         0x0000000040083e82        0x2 
 .text.vPortCPUInitializeMutex
                0x0000000040083e84        0xe /Users/dgmiller/workspace/esp_playground/projects/hello_world/build/freertos/libfreertos.a(port.o)
                0x0000000040083e84                vPortCPUInitializeMutex
 *fill*         0x0000000040083e92        0x2 
 .text.vPortCPUAcquireMutex
                0x0000000040083e94       0x81 /Users/dgmiller/workspace/esp_playground/projects/hello_world/build/freertos/libfreertos.a(port.o)
                                         0x88 (size before relaxing)
                0x0000000040083e94                vPortCPUAcquireMutex
 *fill*         0x0000000040083f15        0x3 
 .text.vPortCPUReleaseMutex
                0x0000000040083f18       0x59 /Users/dgmiller/workspace/esp_playground/projects/hello_world/build/freertos/libfreertos.a(port.o)
                                         0x61 (size before relaxing)
                0x0000000040083f18                vPortCPUReleaseMutex
 *fill*         0x0000000040083f71        0x3 
 .text.prvIsQueueFull
                0x0000000040083f74       0x2a /Users/dgmiller/workspace/esp_playground/projects/hello_world/build/freertos/libfreertos.a(queue.o)
 *fill*         0x0000000040083f9e        0x2 
 .text.prvCopyDataToQueue
                0x0000000040083fa0       0x9e /Users/dgmiller/workspace/esp_playground/projects/hello_world/build/freertos/libfreertos.a(queue.o)
 *fill*         0x000000004008403e        0x2 
 .text.prvNotifyQueueSetContainer
                0x0000000040084040       0x6a /Users/dgmiller/workspace/esp_playground/projects/hello_world/build/freertos/libfreertos.a(queue.o)
                                         0x76 (size before relaxing)
 *fill*         0x00000000400840aa        0x2 
 .text.prvCopyDataFromQueue
                0x00000000400840ac       0x24 /Users/dgmiller/workspace/esp_playground/projects/hello_world/build/freertos/libfreertos.a(queue.o)
 .text.xQueueGenericReset
                0x00000000400840d0       0x86 /Users/dgmiller/workspace/esp_playground/projects/hello_world/build/freertos/libfreertos.a(queue.o)
                                         0x96 (size before relaxing)
                0x00000000400840d0                xQueueGenericReset
 *fill*         0x0000000040084156        0x2 
 .text.prvInitialiseNewQueue
                0x0000000040084158       0x1f /Users/dgmiller/workspace/esp_playground/projects/hello_world/build/freertos/libfreertos.a(queue.o)
                                         0x23 (size before relaxing)
 *fill*         0x0000000040084177        0x1 
 .text.xQueueGenericCreate
                0x0000000040084178       0x49 /Users/dgmiller/workspace/esp_playground/projects/hello_world/build/freertos/libfreertos.a(queue.o)
                                         0x4d (size before relaxing)
                0x0000000040084178                xQueueGenericCreate
 *fill*         0x00000000400841c1        0x3 
 .text.xQueueGetMutexHolder
                0x00000000400841c4       0x23 /Users/dgmiller/workspace/esp_playground/projects/hello_world/build/freertos/libfreertos.a(queue.o)
                0x00000000400841c4                xQueueGetMutexHolder
 *fill*         0x00000000400841e7        0x1 
 .text.xQueueCreateCountingSemaphore
                0x00000000400841e8       0x66 /Users/dgmiller/workspace/esp_playground/projects/hello_world/build/freertos/libfreertos.a(queue.o)
                                         0x6a (size before relaxing)
                0x00000000400841e8                xQueueCreateCountingSemaphore
 *fill*         0x000000004008424e        0x2 
 .text.xQueueGenericSend
                0x0000000040084250      0x158 /Users/dgmiller/workspace/esp_playground/projects/hello_world/build/freertos/libfreertos.a(queue.o)
                                        0x18c (size before relaxing)
                0x0000000040084250                xQueueGenericSend
 .text.prvInitialiseMutex
                0x00000000400843a8       0x22 /Users/dgmiller/workspace/esp_playground/projects/hello_world/build/freertos/libfreertos.a(queue.o)
                                         0x26 (size before relaxing)
 *fill*         0x00000000400843ca        0x2 
 .text.xQueueCreateMutex
                0x00000000400843cc       0x16 /Users/dgmiller/workspace/esp_playground/projects/hello_world/build/freertos/libfreertos.a(queue.o)
                                         0x1a (size before relaxing)
                0x00000000400843cc                xQueueCreateMutex
 *fill*         0x00000000400843e2        0x2 
 .text.xQueueGiveMutexRecursive
                0x00000000400843e4       0x48 /Users/dgmiller/workspace/esp_playground/projects/hello_world/build/freertos/libfreertos.a(queue.o)
                                         0x4c (size before relaxing)
                0x00000000400843e4                xQueueGiveMutexRecursive
 .text.xQueueGenericSendFromISR
                0x000000004008442c       0xd6 /Users/dgmiller/workspace/esp_playground/projects/hello_world/build/freertos/libfreertos.a(queue.o)
                                         0xe6 (size before relaxing)
                0x000000004008442c                xQueueGenericSendFromISR
 *fill*         0x0000000040084502        0x2 
 .text.xQueueGiveFromISR
                0x0000000040084504       0xb6 /Users/dgmiller/workspace/esp_playground/projects/hello_world/build/freertos/libfreertos.a(queue.o)
                                         0xc2 (size before relaxing)
                0x0000000040084504                xQueueGiveFromISR
 *fill*         0x00000000400845ba        0x2 
 .text.xQueueGenericReceive
                0x00000000400845bc      0x144 /Users/dgmiller/workspace/esp_playground/projects/hello_world/build/freertos/libfreertos.a(queue.o)
                                        0x178 (size before relaxing)
                0x00000000400845bc                xQueueGenericReceive
 .text.xQueueTakeMutexRecursive
                0x0000000040084700       0x51 /Users/dgmiller/workspace/esp_playground/projects/hello_world/build/freertos/libfreertos.a(queue.o)
                0x0000000040084700                xQueueTakeMutexRecursive
 *fill*         0x0000000040084751        0x3 
 .text.xQueueReceiveFromISR
                0x0000000040084754       0x96 /Users/dgmiller/workspace/esp_playground/projects/hello_world/build/freertos/libfreertos.a(queue.o)
                                         0xa6 (size before relaxing)
                0x0000000040084754                xQueueReceiveFromISR
 *fill*         0x00000000400847ea        0x2 
 .text.vQueueDelete
                0x00000000400847ec       0x28 /Users/dgmiller/workspace/esp_playground/projects/hello_world/build/freertos/libfreertos.a(queue.o)
                0x00000000400847ec                vQueueDelete
 .text.vQueueWaitForMessageRestricted
                0x0000000040084814       0x23 /Users/dgmiller/workspace/esp_playground/projects/hello_world/build/freertos/libfreertos.a(queue.o)
                                         0x2a (size before relaxing)
                0x0000000040084814                vQueueWaitForMessageRestricted
 *fill*         0x0000000040084837        0x1 
 .text.prvResetNextTaskUnblockTime
                0x0000000040084838       0x34 /Users/dgmiller/workspace/esp_playground/projects/hello_world/build/freertos/libfreertos.a(tasks.o)
 .text.prvDeleteTLS
                0x000000004008486c       0x40 /Users/dgmiller/workspace/esp_playground/projects/hello_world/build/freertos/libfreertos.a(tasks.o)
 .text.prvInitialiseNewTask
                0x00000000400848ac       0xc4 /Users/dgmiller/workspace/esp_playground/projects/hello_world/build/freertos/libfreertos.a(tasks.o)
                                         0xd0 (size before relaxing)
 .text.prvInitialiseTaskLists
                0x0000000040084970       0x5a /Users/dgmiller/workspace/esp_playground/projects/hello_world/build/freertos/libfreertos.a(tasks.o)
                                         0x6e (size before relaxing)
 *fill*         0x00000000400849ca        0x2 
 .text.prvDeleteTCB
                0x00000000400849cc       0x56 /Users/dgmiller/workspace/esp_playground/projects/hello_world/build/freertos/libfreertos.a(tasks.o)
                                         0x5d (size before relaxing)
 *fill*         0x0000000040084a22        0x2 
 .text.prvAddCurrentTaskToDelayedList
                0x0000000040084a24       0x66 /Users/dgmiller/workspace/esp_playground/projects/hello_world/build/freertos/libfreertos.a(tasks.o)
                                         0x6a (size before relaxing)
 *fill*         0x0000000040084a8a        0x2 
 .text.taskYIELD_OTHER_CORE
                0x0000000040084a8c       0x53 /Users/dgmiller/workspace/esp_playground/projects/hello_world/build/freertos/libfreertos.a(tasks.o)
                0x0000000040084a8c                taskYIELD_OTHER_CORE
 *fill*         0x0000000040084adf        0x1 
 .text.vTaskSuspendAll
                0x0000000040084ae0       0x26 /Users/dgmiller/workspace/esp_playground/projects/hello_world/build/freertos/libfreertos.a(tasks.o)
                0x0000000040084ae0                vTaskSuspendAll
 *fill*         0x0000000040084b06        0x2 
 .text.xTaskGetIdleTaskHandleForCPU
                0x0000000040084b08       0x2a /Users/dgmiller/workspace/esp_playground/projects/hello_world/build/freertos/libfreertos.a(tasks.o)
                                         0x2e (size before relaxing)
                0x0000000040084b08                xTaskGetIdleTaskHandleForCPU
 *fill*         0x0000000040084b32        0x2 
 .text.vTaskSwitchContext
                0x0000000040084b34      0x27e /Users/dgmiller/workspace/esp_playground/projects/hello_world/build/freertos/libfreertos.a(tasks.o)
                                        0x28a (size before relaxing)
                0x0000000040084b34                vTaskSwitchContext
 *fill*         0x0000000040084db2        0x2 
 .text.vTaskSetTimeOutState
                0x0000000040084db4       0x34 /Users/dgmiller/workspace/esp_playground/projects/hello_world/build/freertos/libfreertos.a(tasks.o)
                0x0000000040084db4                vTaskSetTimeOutState
 .text.xTaskGetCurrentTaskHandle
                0x0000000040084de8       0x1f /Users/dgmiller/workspace/esp_playground/projects/hello_world/build/freertos/libfreertos.a(tasks.o)
                0x0000000040084de8                xTaskGetCurrentTaskHandle
 *fill*         0x0000000040084e07        0x1 
 .text.__getreent
                0x0000000040084e08       0x19 /Users/dgmiller/workspace/esp_playground/projects/hello_world/build/freertos/libfreertos.a(tasks.o)
                0x0000000040084e08                __getreent
 *fill*         0x0000000040084e21        0x3 
 .text.pcTaskGetTaskName
                0x0000000040084e24       0x2a /Users/dgmiller/workspace/esp_playground/projects/hello_world/build/freertos/libfreertos.a(tasks.o)
                                         0x2d (size before relaxing)
                0x0000000040084e24                pcTaskGetTaskName
 *fill*         0x0000000040084e4e        0x2 
 .text.xTaskGetAffinity
                0x0000000040084e50       0x10 /Users/dgmiller/workspace/esp_playground/projects/hello_world/build/freertos/libfreertos.a(tasks.o)
                                         0x13 (size before relaxing)
                0x0000000040084e50                xTaskGetAffinity
 *fill*         0x0000000040084e60        0x0 
 .text.xTaskGetCurrentTaskHandleForCPU
                0x0000000040084e60       0x18 /Users/dgmiller/workspace/esp_playground/projects/hello_world/build/freertos/libfreertos.a(tasks.o)
                0x0000000040084e60                xTaskGetCurrentTaskHandleForCPU
 .text.xTaskGetSchedulerState
                0x0000000040084e78       0x37 /Users/dgmiller/workspace/esp_playground/projects/hello_world/build/freertos/libfreertos.a(tasks.o)
                0x0000000040084e78                xTaskGetSchedulerState
 *fill*         0x0000000040084eaf        0x1 
 .text.vTaskEnterCritical
                0x0000000040084eb0       0xac /Users/dgmiller/workspace/esp_playground/projects/hello_world/build/freertos/libfreertos.a(tasks.o)
                                         0xb3 (size before relaxing)
                0x0000000040084eb0                vTaskEnterCritical
 *fill*         0x0000000040084f5c        0x0 
 .text.vTaskExitCritical
                0x0000000040084f5c       0x83 /Users/dgmiller/workspace/esp_playground/projects/hello_world/build/freertos/libfreertos.a(tasks.o)
                                         0x8a (size before relaxing)
                0x0000000040084f5c                vTaskExitCritical
 *fill*         0x0000000040084fdf        0x1 
 .text.prvAddNewTaskToReadyList
                0x0000000040084fe0      0x15c /Users/dgmiller/workspace/esp_playground/projects/hello_world/build/freertos/libfreertos.a(tasks.o)
                                        0x173 (size before relaxing)
 *fill*         0x000000004008513c        0x0 
 .text.xTaskCreatePinnedToCore
                0x000000004008513c       0x6e /Users/dgmiller/workspace/esp_playground/projects/hello_world/build/freertos/libfreertos.a(tasks.o)
                                         0x76 (size before relaxing)
                0x000000004008513c                xTaskCreatePinnedToCore
 *fill*         0x00000000400851aa        0x2 
 .text.vTaskStartScheduler
                0x00000000400851ac       0x67 /Users/dgmiller/workspace/esp_playground/projects/hello_world/build/freertos/libfreertos.a(tasks.o)
                                         0x72 (size before relaxing)
                0x00000000400851ac                vTaskStartScheduler
 *fill*         0x0000000040085213        0x1 
 .text.vTaskDelete
                0x0000000040085214      0x10a /Users/dgmiller/workspace/esp_playground/projects/hello_world/build/freertos/libfreertos.a(tasks.o)
                                        0x122 (size before relaxing)
                0x0000000040085214                vTaskDelete
 *fill*         0x000000004008531e        0x2 
 .text.vTaskDelay
                0x0000000040085320       0x70 /Users/dgmiller/workspace/esp_playground/projects/hello_world/build/freertos/libfreertos.a(tasks.o)
                                         0x80 (size before relaxing)
                0x0000000040085320                vTaskDelay
 .text.prvCheckTasksWaitingTermination
                0x0000000040085390       0xbe /Users/dgmiller/workspace/esp_playground/projects/hello_world/build/freertos/libfreertos.a(tasks.o)
                                         0xc6 (size before relaxing)
 *fill*         0x000000004008544e        0x2 
 .text.prvIdleTask
                0x0000000040085450        0xc /Users/dgmiller/workspace/esp_playground/projects/hello_world/build/freertos/libfreertos.a(tasks.o)
                                         0x12 (size before relaxing)
 *fill*         0x000000004008545c        0x0 
 .text.xTaskGetTickCount
                0x000000004008545c       0x1c /Users/dgmiller/workspace/esp_playground/projects/hello_world/build/freertos/libfreertos.a(tasks.o)
                                         0x20 (size before relaxing)
                0x000000004008545c                xTaskGetTickCount
 .text.xTaskIncrementTick
                0x0000000040085478      0x1b2 /Users/dgmiller/workspace/esp_playground/projects/hello_world/build/freertos/libfreertos.a(tasks.o)
                                        0x1ce (size before relaxing)
                0x0000000040085478                xTaskIncrementTick
 *fill*         0x000000004008562a        0x2 
 .text.xTaskResumeAll
                0x000000004008562c      0x173 /Users/dgmiller/workspace/esp_playground/projects/hello_world/build/freertos/libfreertos.a(tasks.o)
                                        0x186 (size before relaxing)
                0x000000004008562c                xTaskResumeAll
 *fill*         0x000000004008579f        0x1 
 .text.vTaskPlaceOnEventList
                0x00000000400857a0       0x83 /Users/dgmiller/workspace/esp_playground/projects/hello_world/build/freertos/libfreertos.a(tasks.o)
                                         0x97 (size before relaxing)
                0x00000000400857a0                vTaskPlaceOnEventList
 *fill*         0x0000000040085823        0x1 
 .text.vTaskPlaceOnEventListRestricted
                0x0000000040085824       0x5b /Users/dgmiller/workspace/esp_playground/projects/hello_world/build/freertos/libfreertos.a(tasks.o)
                                         0x6f (size before relaxing)
                0x0000000040085824                vTaskPlaceOnEventListRestricted
 *fill*         0x000000004008587f        0x1 
 .text.xTaskRemoveFromEventList
                0x0000000040085880      0x134 /Users/dgmiller/workspace/esp_playground/projects/hello_world/build/freertos/libfreertos.a(tasks.o)
                                        0x143 (size before relaxing)
                0x0000000040085880                xTaskRemoveFromEventList
 *fill*         0x00000000400859b4        0x0 
 .text.xTaskCheckForTimeOut
                0x00000000400859b4       0x8b /Users/dgmiller/workspace/esp_playground/projects/hello_world/build/freertos/libfreertos.a(tasks.o)
                                         0x96 (size before relaxing)
                0x00000000400859b4                xTaskCheckForTimeOut
 *fill*         0x0000000040085a3f        0x1 
 .text.vTaskPriorityInherit
                0x0000000040085a40       0xc4 /Users/dgmiller/workspace/esp_playground/projects/hello_world/build/freertos/libfreertos.a(tasks.o)
                                         0xdb (size before relaxing)
                0x0000000040085a40                vTaskPriorityInherit
 *fill*         0x0000000040085b04        0x0 
 .text.xTaskPriorityDisinherit
                0x0000000040085b04       0x97 /Users/dgmiller/workspace/esp_playground/projects/hello_world/build/freertos/libfreertos.a(tasks.o)
                                         0xaa (size before relaxing)
                0x0000000040085b04                xTaskPriorityDisinherit
 *fill*         0x0000000040085b9b        0x1 
 .text.pvTaskIncrementMutexHeldCount
                0x0000000040085b9c       0x50 /Users/dgmiller/workspace/esp_playground/projects/hello_world/build/freertos/libfreertos.a(tasks.o)
                                         0x54 (size before relaxing)
                0x0000000040085b9c                pvTaskIncrementMutexHeldCount
 .text.prvGetNextExpireTime
                0x0000000040085bec       0x20 /Users/dgmiller/workspace/esp_playground/projects/hello_world/build/freertos/libfreertos.a(timers.o)
 .text.prvInsertTimerInActiveList
                0x0000000040085c0c       0x50 /Users/dgmiller/workspace/esp_playground/projects/hello_world/build/freertos/libfreertos.a(timers.o)
                                         0x54 (size before relaxing)
 .text.prvCheckForValidListAndQueue
                0x0000000040085c5c       0x66 /Users/dgmiller/workspace/esp_playground/projects/hello_world/build/freertos/libfreertos.a(timers.o)
                                         0x7e (size before relaxing)
 *fill*         0x0000000040085cc2        0x2 
 .text.xTimerCreateTimerTask
                0x0000000040085cc4       0x48 /Users/dgmiller/workspace/esp_playground/projects/hello_world/build/freertos/libfreertos.a(timers.o)
                                         0x4c (size before relaxing)
                0x0000000040085cc4                xTimerCreateTimerTask
 .text.xTimerGenericCommand
                0x0000000040085d0c       0x55 /Users/dgmiller/workspace/esp_playground/projects/hello_world/build/freertos/libfreertos.a(timers.o)
                                         0x5d (size before relaxing)
                0x0000000040085d0c                xTimerGenericCommand
 *fill*         0x0000000040085d61        0x3 
 .text.prvSwitchTimerLists
                0x0000000040085d64       0x76 /Users/dgmiller/workspace/esp_playground/projects/hello_world/build/freertos/libfreertos.a(timers.o)
                                         0x82 (size before relaxing)
 *fill*         0x0000000040085dda        0x2 
 .text.prvSampleTimeNow
                0x0000000040085ddc       0x2b /Users/dgmiller/workspace/esp_playground/projects/hello_world/build/freertos/libfreertos.a(timers.o)
                                         0x2f (size before relaxing)
 *fill*         0x0000000040085e07        0x1 
 .text.prvProcessExpiredTimer
                0x0000000040085e08       0x53 /Users/dgmiller/workspace/esp_playground/projects/hello_world/build/freertos/libfreertos.a(timers.o)
                                         0x5f (size before relaxing)
 *fill*         0x0000000040085e5b        0x1 
 .text.prvProcessTimerOrBlockTask
                0x0000000040085e5c       0x58 /Users/dgmiller/workspace/esp_playground/projects/hello_world/build/freertos/libfreertos.a(timers.o)
                                         0x6c (size before relaxing)
 .text.prvProcessReceivedCommands
                0x0000000040085eb4       0xd6 /Users/dgmiller/workspace/esp_playground/projects/hello_world/build/freertos/libfreertos.a(timers.o)
                                         0xe6 (size before relaxing)
 *fill*         0x0000000040085f8a        0x2 
 .text.prvTimerTask
                0x0000000040085f8c       0x15 /Users/dgmiller/workspace/esp_playground/projects/hello_world/build/freertos/libfreertos.a(timers.o)
                                         0x1d (size before relaxing)
 *fill*         0x0000000040085fa1        0x3 
 .text._xt_tick_divisor_init
                0x0000000040085fa4       0x1c /Users/dgmiller/workspace/esp_playground/projects/hello_world/build/freertos/libfreertos.a(xtensa_init.o)
                                         0x1f (size before relaxing)
                0x0000000040085fa4                _xt_tick_divisor_init
 *fill*         0x0000000040085fc0        0x0 
 .text.xt_unhandled_interrupt
                0x0000000040085fc0       0x16 /Users/dgmiller/workspace/esp_playground/projects/hello_world/build/freertos/libfreertos.a(xtensa_intr.o)
                0x0000000040085fc0                xt_unhandled_interrupt
 *fill*         0x0000000040085fd6        0x2 
 .text.xt_set_interrupt_handler
                0x0000000040085fd8       0x46 /Users/dgmiller/workspace/esp_playground/projects/hello_world/build/freertos/libfreertos.a(xtensa_intr.o)
                0x0000000040085fd8                xt_set_interrupt_handler
 *fill*         0x000000004008601e        0x2 
 .text          0x0000000040086020      0x1d0 /Users/dgmiller/workspace/esp_playground/projects/hello_world/build/freertos/libfreertos.a(portasm.o)
                0x0000000040086020                _frxt_setup_switch
                0x0000000040086038                _frxt_int_enter
                0x0000000040086080                _frxt_int_exit
                0x00000000400860d0                _frxt_timer_int
                0x00000000400860f8                _frxt_tick_timer_init
                0x0000000040086110                _frxt_dispatch
                0x0000000040086158                vPortYield
                0x00000000400861a4                vPortYieldFromInt
                0x00000000400861c4                _frxt_task_coproc_state
 .text          0x00000000400861f0      0x12b /Users/dgmiller/workspace/esp_playground/projects/hello_world/build/freertos/libfreertos.a(xtensa_context.o)
                0x00000000400861f0                _xt_context_save
                0x0000000040086258                _xt_context_restore
                0x000000004008629c                _xt_coproc_init
                0x00000000400862b0                _xt_coproc_release
                0x00000000400862dc                _xt_coproc_savecs
                0x00000000400862fc                _xt_coproc_restorecs
 *fill*         0x000000004008631b        0x0 
 *fill*         0x000000004008631b        0x0 
 *fill*         0x000000004008631b        0x0 
 *fill*         0x000000004008631b        0x1 
 .text.vPortStoreTaskMPUSettings
                0x000000004008631c       0x13 /Users/dgmiller/workspace/esp_playground/projects/hello_world/build/freertos/libfreertos.a(port.o)
                0x000000004008631c                vPortStoreTaskMPUSettings
 *fill*         0x000000004008632f        0x0 
 *fill*         0x000000004008632f        0x0 
 *fill*         0x000000004008632f        0x0 
 *fill*         0x000000004008632f        0x0 
 *fill*         0x000000004008632f        0x1 
 .text.prvIsQueueEmpty
                0x0000000040086330       0x12 /Users/dgmiller/workspace/esp_playground/projects/hello_world/build/freertos/libfreertos.a(queue.o)
 *fill*         0x0000000040086342        0x0 
 *fill*         0x0000000040086342        0x0 
 *fill*         0x0000000040086342        0x0 
 *fill*         0x0000000040086342        0x0 
 *fill*         0x0000000040086342        0x0 
 *fill*         0x0000000040086342        0x0 
 *fill*         0x0000000040086342        0x0 
 *fill*         0x0000000040086342        0x0 
 *fill*         0x0000000040086342        0x0 
 *fill*         0x0000000040086342        0x0 
 *fill*         0x0000000040086342        0x0 
 *fill*         0x0000000040086342        0x0 
 *fill*         0x0000000040086342        0x0 
 *fill*         0x0000000040086342        0x0 
 *fill*         0x0000000040086342        0x0 
 *fill*         0x0000000040086342        0x0 
 *fill*         0x0000000040086342        0x0 
 *fill*         0x0000000040086342        0x0 
 *fill*         0x0000000040086342        0x0 
 *fill*         0x0000000040086342        0x0 
 *fill*         0x0000000040086342        0x0 
 *fill*         0x0000000040086342        0x0 
 *fill*         0x0000000040086342        0x0 
 *fill*         0x0000000040086342        0x0 
 *fill*         0x0000000040086342        0x0 
 *fill*         0x0000000040086342        0x0 
 *fill*         0x0000000040086342        0x0 
 *fill*         0x0000000040086342        0x0 
 *fill*         0x0000000040086342        0x0 
 *fill*         0x0000000040086342        0x0 
 *fill*         0x0000000040086342        0x0 
 *fill*         0x0000000040086342        0x0 
 *fill*         0x0000000040086342        0x0 
 *fill*         0x0000000040086342        0x0 
 *fill*         0x0000000040086342        0x0 
 *fill*         0x0000000040086342        0x0 
 *fill*         0x0000000040086342        0x0 
 *fill*         0x0000000040086342        0x0 
 *fill*         0x0000000040086342        0x0 
 *fill*         0x0000000040086342        0x0 
 *fill*         0x0000000040086342        0x0 
 *fill*         0x0000000040086342        0x0 
 *fill*         0x0000000040086342        0x0 
 *fill*         0x0000000040086342        0x0 